  Determining projects to restore...
  All projects are up-to-date for restore.
C:\Users\moren\OneDrive\Desktop\MazeKc\MazeKc.Tests\obj\Release\net9.0\.NETCoreApp,Version=v9.0.AssemblyAttributes.cs(4,12): error CS0579: Duplicate 'global::System.Runtime.Versioning.TargetFrameworkAttribute' attribute [C:\Users\moren\OneDrive\Desktop\MazeKc\MazeKc.csproj]
C:\Users\moren\OneDrive\Desktop\MazeKc\MazeKc.Tests\obj\Release\net9.0\MazeKc.Tests.AssemblyInfo.cs(14,12): error CS0579: Duplicate 'System.Reflection.AssemblyCompanyAttribute' attribute [C:\Users\moren\OneDrive\Desktop\MazeKc\MazeKc.csproj]
C:\Users\moren\OneDrive\Desktop\MazeKc\MazeKc.Tests\obj\Release\net9.0\MazeKc.Tests.AssemblyInfo.cs(15,12): error CS0579: Duplicate 'System.Reflection.AssemblyConfigurationAttribute' attribute [C:\Users\moren\OneDrive\Desktop\MazeKc\MazeKc.csproj]
C:\Users\moren\OneDrive\Desktop\MazeKc\MazeKc.Tests\obj\Release\net9.0\MazeKc.Tests.AssemblyInfo.cs(16,12): error CS0579: Duplicate 'System.Reflection.AssemblyFileVersionAttribute' attribute [C:\Users\moren\OneDrive\Desktop\MazeKc\MazeKc.csproj]
C:\Users\moren\OneDrive\Desktop\MazeKc\MazeKc.Tests\obj\Release\net9.0\MazeKc.Tests.AssemblyInfo.cs(17,12): error CS0579: Duplicate 'System.Reflection.AssemblyInformationalVersionAttribute' attribute [C:\Users\moren\OneDrive\Desktop\MazeKc\MazeKc.csproj]
C:\Users\moren\OneDrive\Desktop\MazeKc\MazeKc.Tests\obj\Release\net9.0\MazeKc.Tests.AssemblyInfo.cs(18,12): error CS0579: Duplicate 'System.Reflection.AssemblyProductAttribute' attribute [C:\Users\moren\OneDrive\Desktop\MazeKc\MazeKc.csproj]
C:\Users\moren\OneDrive\Desktop\MazeKc\MazeKc.Tests\obj\Release\net9.0\MazeKc.Tests.AssemblyInfo.cs(19,12): error CS0579: Duplicate 'System.Reflection.AssemblyTitleAttribute' attribute [C:\Users\moren\OneDrive\Desktop\MazeKc\MazeKc.csproj]
C:\Users\moren\OneDrive\Desktop\MazeKc\MazeKc.Tests\obj\Release\net9.0\MazeKc.Tests.AssemblyInfo.cs(20,12): error CS0579: Duplicate 'System.Reflection.AssemblyVersionAttribute' attribute [C:\Users\moren\OneDrive\Desktop\MazeKc\MazeKc.csproj]
C:\Users\moren\OneDrive\Desktop\MazeKc\obj\Debug\net8.0\.NETCoreApp,Version=v8.0.AssemblyAttributes.cs(4,12): error CS0579: Duplicate 'global::System.Runtime.Versioning.TargetFrameworkAttribute' attribute [C:\Users\moren\OneDrive\Desktop\MazeKc\MazeKc.csproj]
C:\Users\moren\OneDrive\Desktop\MazeKc\obj\Debug\net8.0\MazeKc.AssemblyInfo.cs(13,12): error CS0579: Duplicate 'System.Reflection.AssemblyCompanyAttribute' attribute [C:\Users\moren\OneDrive\Desktop\MazeKc\MazeKc.csproj]
C:\Users\moren\OneDrive\Desktop\MazeKc\obj\Debug\net8.0\MazeKc.AssemblyInfo.cs(14,12): error CS0579: Duplicate 'System.Reflection.AssemblyConfigurationAttribute' attribute [C:\Users\moren\OneDrive\Desktop\MazeKc\MazeKc.csproj]
C:\Users\moren\OneDrive\Desktop\MazeKc\obj\Debug\net8.0\MazeKc.AssemblyInfo.cs(15,12): error CS0579: Duplicate 'System.Reflection.AssemblyFileVersionAttribute' attribute [C:\Users\moren\OneDrive\Desktop\MazeKc\MazeKc.csproj]
C:\Users\moren\OneDrive\Desktop\MazeKc\obj\Debug\net8.0\MazeKc.AssemblyInfo.cs(16,12): error CS0579: Duplicate 'System.Reflection.AssemblyInformationalVersionAttribute' attribute [C:\Users\moren\OneDrive\Desktop\MazeKc\MazeKc.csproj]
C:\Users\moren\OneDrive\Desktop\MazeKc\obj\Debug\net8.0\MazeKc.AssemblyInfo.cs(17,12): error CS0579: Duplicate 'System.Reflection.AssemblyProductAttribute' attribute [C:\Users\moren\OneDrive\Desktop\MazeKc\MazeKc.csproj]
C:\Users\moren\OneDrive\Desktop\MazeKc\obj\Debug\net8.0\MazeKc.AssemblyInfo.cs(18,12): error CS0579: Duplicate 'System.Reflection.AssemblyTitleAttribute' attribute [C:\Users\moren\OneDrive\Desktop\MazeKc\MazeKc.csproj]
C:\Users\moren\OneDrive\Desktop\MazeKc\obj\Debug\net8.0\MazeKc.AssemblyInfo.cs(19,12): error CS0579: Duplicate 'System.Reflection.AssemblyVersionAttribute' attribute [C:\Users\moren\OneDrive\Desktop\MazeKc\MazeKc.csproj]
C:\Users\moren\OneDrive\Desktop\MazeKc\MazeKc.Tests\AlgorithmTests.cs(2,7): error CS0246: The type or namespace name 'Xunit' could not be found (are you missing a using directive or an assembly reference?) [C:\Users\moren\OneDrive\Desktop\MazeKc\MazeKc.csproj]
C:\Users\moren\OneDrive\Desktop\MazeKc\MazeKc.Tests\obj\Debug\net9.0\MazeKc.Tests.GlobalUsings.g.cs(9,22): error CS0400: The type or namespace name 'Xunit' could not be found in the global namespace (are you missing an assembly reference?) [C:\Users\moren\OneDrive\Desktop\MazeKc\MazeKc.csproj]
C:\Users\moren\OneDrive\Desktop\MazeKc\MazeKc.Tests\obj\Release\net9.0\MazeKc.Tests.GlobalUsings.g.cs(9,22): error CS0400: The type or namespace name 'Xunit' could not be found in the global namespace (are you missing an assembly reference?) [C:\Users\moren\OneDrive\Desktop\MazeKc\MazeKc.csproj]
C:\Users\moren\OneDrive\Desktop\MazeKc\MazeKc.Tests\AlgorithmTests.cs(9,6): error CS0246: The type or namespace name 'FactAttribute' could not be found (are you missing a using directive or an assembly reference?) [C:\Users\moren\OneDrive\Desktop\MazeKc\MazeKc.csproj]
C:\Users\moren\OneDrive\Desktop\MazeKc\MazeKc.Tests\AlgorithmTests.cs(9,6): error CS0246: The type or namespace name 'Fact' could not be found (are you missing a using directive or an assembly reference?) [C:\Users\moren\OneDrive\Desktop\MazeKc\MazeKc.csproj]
C:\Users\moren\OneDrive\Desktop\MazeKc\MazeKc.Tests\AlgorithmTests.cs(26,6): error CS0246: The type or namespace name 'FactAttribute' could not be found (are you missing a using directive or an assembly reference?) [C:\Users\moren\OneDrive\Desktop\MazeKc\MazeKc.csproj]
C:\Users\moren\OneDrive\Desktop\MazeKc\MazeKc.Tests\AlgorithmTests.cs(26,6): error CS0246: The type or namespace name 'Fact' could not be found (are you missing a using directive or an assembly reference?) [C:\Users\moren\OneDrive\Desktop\MazeKc\MazeKc.csproj]
C:\Users\moren\OneDrive\Desktop\MazeKc\MazeKc.Tests\AlgorithmTests.cs(46,6): error CS0246: The type or namespace name 'FactAttribute' could not be found (are you missing a using directive or an assembly reference?) [C:\Users\moren\OneDrive\Desktop\MazeKc\MazeKc.csproj]
C:\Users\moren\OneDrive\Desktop\MazeKc\MazeKc.Tests\AlgorithmTests.cs(46,6): error CS0246: The type or namespace name 'Fact' could not be found (are you missing a using directive or an assembly reference?) [C:\Users\moren\OneDrive\Desktop\MazeKc\MazeKc.csproj]
C:\Users\moren\OneDrive\Desktop\MazeKc\MazeKc.Tests\UnitTest1.cs(5,6): error CS0246: The type or namespace name 'FactAttribute' could not be found (are you missing a using directive or an assembly reference?) [C:\Users\moren\OneDrive\Desktop\MazeKc\MazeKc.csproj]
C:\Users\moren\OneDrive\Desktop\MazeKc\MazeKc.Tests\UnitTest1.cs(5,6): error CS0246: The type or namespace name 'Fact' could not be found (are you missing a using directive or an assembly reference?) [C:\Users\moren\OneDrive\Desktop\MazeKc\MazeKc.csproj]

Build FAILED.

C:\Users\moren\OneDrive\Desktop\MazeKc\MazeKc.Tests\obj\Release\net9.0\.NETCoreApp,Version=v9.0.AssemblyAttributes.cs(4,12): error CS0579: Duplicate 'global::System.Runtime.Versioning.TargetFrameworkAttribute' attribute [C:\Users\moren\OneDrive\Desktop\MazeKc\MazeKc.csproj]
C:\Users\moren\OneDrive\Desktop\MazeKc\MazeKc.Tests\obj\Release\net9.0\MazeKc.Tests.AssemblyInfo.cs(14,12): error CS0579: Duplicate 'System.Reflection.AssemblyCompanyAttribute' attribute [C:\Users\moren\OneDrive\Desktop\MazeKc\MazeKc.csproj]
C:\Users\moren\OneDrive\Desktop\MazeKc\MazeKc.Tests\obj\Release\net9.0\MazeKc.Tests.AssemblyInfo.cs(15,12): error CS0579: Duplicate 'System.Reflection.AssemblyConfigurationAttribute' attribute [C:\Users\moren\OneDrive\Desktop\MazeKc\MazeKc.csproj]
C:\Users\moren\OneDrive\Desktop\MazeKc\MazeKc.Tests\obj\Release\net9.0\MazeKc.Tests.AssemblyInfo.cs(16,12): error CS0579: Duplicate 'System.Reflection.AssemblyFileVersionAttribute' attribute [C:\Users\moren\OneDrive\Desktop\MazeKc\MazeKc.csproj]
C:\Users\moren\OneDrive\Desktop\MazeKc\MazeKc.Tests\obj\Release\net9.0\MazeKc.Tests.AssemblyInfo.cs(17,12): error CS0579: Duplicate 'System.Reflection.AssemblyInformationalVersionAttribute' attribute [C:\Users\moren\OneDrive\Desktop\MazeKc\MazeKc.csproj]
C:\Users\moren\OneDrive\Desktop\MazeKc\MazeKc.Tests\obj\Release\net9.0\MazeKc.Tests.AssemblyInfo.cs(18,12): error CS0579: Duplicate 'System.Reflection.AssemblyProductAttribute' attribute [C:\Users\moren\OneDrive\Desktop\MazeKc\MazeKc.csproj]
C:\Users\moren\OneDrive\Desktop\MazeKc\MazeKc.Tests\obj\Release\net9.0\MazeKc.Tests.AssemblyInfo.cs(19,12): error CS0579: Duplicate 'System.Reflection.AssemblyTitleAttribute' attribute [C:\Users\moren\OneDrive\Desktop\MazeKc\MazeKc.csproj]
C:\Users\moren\OneDrive\Desktop\MazeKc\MazeKc.Tests\obj\Release\net9.0\MazeKc.Tests.AssemblyInfo.cs(20,12): error CS0579: Duplicate 'System.Reflection.AssemblyVersionAttribute' attribute [C:\Users\moren\OneDrive\Desktop\MazeKc\MazeKc.csproj]
C:\Users\moren\OneDrive\Desktop\MazeKc\obj\Debug\net8.0\.NETCoreApp,Version=v8.0.AssemblyAttributes.cs(4,12): error CS0579: Duplicate 'global::System.Runtime.Versioning.TargetFrameworkAttribute' attribute [C:\Users\moren\OneDrive\Desktop\MazeKc\MazeKc.csproj]
C:\Users\moren\OneDrive\Desktop\MazeKc\obj\Debug\net8.0\MazeKc.AssemblyInfo.cs(13,12): error CS0579: Duplicate 'System.Reflection.AssemblyCompanyAttribute' attribute [C:\Users\moren\OneDrive\Desktop\MazeKc\MazeKc.csproj]
C:\Users\moren\OneDrive\Desktop\MazeKc\obj\Debug\net8.0\MazeKc.AssemblyInfo.cs(14,12): error CS0579: Duplicate 'System.Reflection.AssemblyConfigurationAttribute' attribute [C:\Users\moren\OneDrive\Desktop\MazeKc\MazeKc.csproj]
C:\Users\moren\OneDrive\Desktop\MazeKc\obj\Debug\net8.0\MazeKc.AssemblyInfo.cs(15,12): error CS0579: Duplicate 'System.Reflection.AssemblyFileVersionAttribute' attribute [C:\Users\moren\OneDrive\Desktop\MazeKc\MazeKc.csproj]
C:\Users\moren\OneDrive\Desktop\MazeKc\obj\Debug\net8.0\MazeKc.AssemblyInfo.cs(16,12): error CS0579: Duplicate 'System.Reflection.AssemblyInformationalVersionAttribute' attribute [C:\Users\moren\OneDrive\Desktop\MazeKc\MazeKc.csproj]
C:\Users\moren\OneDrive\Desktop\MazeKc\obj\Debug\net8.0\MazeKc.AssemblyInfo.cs(17,12): error CS0579: Duplicate 'System.Reflection.AssemblyProductAttribute' attribute [C:\Users\moren\OneDrive\Desktop\MazeKc\MazeKc.csproj]
C:\Users\moren\OneDrive\Desktop\MazeKc\obj\Debug\net8.0\MazeKc.AssemblyInfo.cs(18,12): error CS0579: Duplicate 'System.Reflection.AssemblyTitleAttribute' attribute [C:\Users\moren\OneDrive\Desktop\MazeKc\MazeKc.csproj]
C:\Users\moren\OneDrive\Desktop\MazeKc\obj\Debug\net8.0\MazeKc.AssemblyInfo.cs(19,12): error CS0579: Duplicate 'System.Reflection.AssemblyVersionAttribute' attribute [C:\Users\moren\OneDrive\Desktop\MazeKc\MazeKc.csproj]
C:\Users\moren\OneDrive\Desktop\MazeKc\MazeKc.Tests\AlgorithmTests.cs(2,7): error CS0246: The type or namespace name 'Xunit' could not be found (are you missing a using directive or an assembly reference?) [C:\Users\moren\OneDrive\Desktop\MazeKc\MazeKc.csproj]
C:\Users\moren\OneDrive\Desktop\MazeKc\MazeKc.Tests\obj\Debug\net9.0\MazeKc.Tests.GlobalUsings.g.cs(9,22): error CS0400: The type or namespace name 'Xunit' could not be found in the global namespace (are you missing an assembly reference?) [C:\Users\moren\OneDrive\Desktop\MazeKc\MazeKc.csproj]
C:\Users\moren\OneDrive\Desktop\MazeKc\MazeKc.Tests\obj\Release\net9.0\MazeKc.Tests.GlobalUsings.g.cs(9,22): error CS0400: The type or namespace name 'Xunit' could not be found in the global namespace (are you missing an assembly reference?) [C:\Users\moren\OneDrive\Desktop\MazeKc\MazeKc.csproj]
C:\Users\moren\OneDrive\Desktop\MazeKc\MazeKc.Tests\AlgorithmTests.cs(9,6): error CS0246: The type or namespace name 'FactAttribute' could not be found (are you missing a using directive or an assembly reference?) [C:\Users\moren\OneDrive\Desktop\MazeKc\MazeKc.csproj]
C:\Users\moren\OneDrive\Desktop\MazeKc\MazeKc.Tests\AlgorithmTests.cs(9,6): error CS0246: The type or namespace name 'Fact' could not be found (are you missing a using directive or an assembly reference?) [C:\Users\moren\OneDrive\Desktop\MazeKc\MazeKc.csproj]
C:\Users\moren\OneDrive\Desktop\MazeKc\MazeKc.Tests\AlgorithmTests.cs(26,6): error CS0246: The type or namespace name 'FactAttribute' could not be found (are you missing a using directive or an assembly reference?) [C:\Users\moren\OneDrive\Desktop\MazeKc\MazeKc.csproj]
C:\Users\moren\OneDrive\Desktop\MazeKc\MazeKc.Tests\AlgorithmTests.cs(26,6): error CS0246: The type or namespace name 'Fact' could not be found (are you missing a using directive or an assembly reference?) [C:\Users\moren\OneDrive\Desktop\MazeKc\MazeKc.csproj]
C:\Users\moren\OneDrive\Desktop\MazeKc\MazeKc.Tests\AlgorithmTests.cs(46,6): error CS0246: The type or namespace name 'FactAttribute' could not be found (are you missing a using directive or an assembly reference?) [C:\Users\moren\OneDrive\Desktop\MazeKc\MazeKc.csproj]
C:\Users\moren\OneDrive\Desktop\MazeKc\MazeKc.Tests\AlgorithmTests.cs(46,6): error CS0246: The type or namespace name 'Fact' could not be found (are you missing a using directive or an assembly reference?) [C:\Users\moren\OneDrive\Desktop\MazeKc\MazeKc.csproj]
C:\Users\moren\OneDrive\Desktop\MazeKc\MazeKc.Tests\UnitTest1.cs(5,6): error CS0246: The type or namespace name 'FactAttribute' could not be found (are you missing a using directive or an assembly reference?) [C:\Users\moren\OneDrive\Desktop\MazeKc\MazeKc.csproj]
C:\Users\moren\OneDrive\Desktop\MazeKc\MazeKc.Tests\UnitTest1.cs(5,6): error CS0246: The type or namespace name 'Fact' could not be found (are you missing a using directive or an assembly reference?) [C:\Users\moren\OneDrive\Desktop\MazeKc\MazeKc.csproj]
    0 Warning(s)
    27 Error(s)

Time Elapsed 00:00:01.13
